<html>
<body>
<pre>
<h1>µVision Build Log</h1>
<h2>Tool Versions:</h2>
IDE-Version: µVision V5.29.0.0
Copyright (C) 2019 ARM Ltd and ARM Germany GmbH. All rights reserved.
License Information: Igor Fadeev, Elbrus, LIC=TA301-C6DK0-FZNWU-SL8B8-WZZP6-8TWQC
 
Tool Versions:
Toolchain:       MDK-ARM Professional  Version: 5.29.0.0
Toolchain Path:  Z:\My_program_files\ARM\ARMCC\Bin
C Compiler:      Armcc.exe V5.06 update 6 (build 750)
Assembler:       Armasm.exe V5.06 update 6 (build 750)
Linker/Locator:  ArmLink.exe V5.06 update 6 (build 750)
Library Manager: ArmAr.exe V5.06 update 6 (build 750)
Hex Converter:   FromElf.exe V5.06 update 6 (build 750)
CPU DLL:         SARMCM3.DLL V5.29.0.0
Dialog DLL:      DCM.DLL V1.17.3.0
Target DLL:      STLink\ST-LINKIII-KEIL_SWO.dll V3.0.7.0
Dialog DLL:      TCM.DLL V1.36.5.0
 
<h2>Project:</h2>
Z:\git_projects\STM\F746G-DISCO\repo_f746-keil\WTree_Sample\MDK-ARM\STM32F746G_DISCO.uvprojx
Project File Date:  05/25/2020

<h2>Output:</h2>
*** Using Compiler 'V5.06 update 6 (build 750)', folder: 'Z:\My_program_files\ARM\ARMCC\Bin'
Rebuild target 'STM32F746G_DISCO'
assembling startup_stm32f746xx.s...
compiling TouchGFXGPIO.cpp...
compiling TouchGFXHAL.cpp...
compiling stm32f7xx_hal_timebase_tim.c...
compiling freertos.c...
compiling STM32TouchController.cpp...
compiling app_touchgfx.c...
compiling TouchGFXConfiguration.cpp...
compiling stm32f7xx_it.c...
compiling ft5336.c...
compiling stm32f7xx_hal_msp.c...
compiling main.c...
compiling TouchGFXGeneratedHAL.cpp...
compiling STM32DMA.cpp...
compiling OSWrappers.cpp...
compiling stm32f7xx_hal_crc.c...
compiling stm32f7xx_hal_crc_ex.c...
compiling stm32746g_discovery_qspi.c...
compiling stm32f7xx_hal_cortex.c...
compiling stm32f7xx_hal_rcc.c...
compiling stm32f7xx_hal_flash_ex.c...
compiling stm32f7xx_hal_flash.c...
compiling stm32f7xx_hal_rcc_ex.c...
compiling stm32f7xx_hal_gpio.c...
compiling stm32f7xx_hal_dma.c...
compiling stm32f7xx_hal_pwr_ex.c...
compiling stm32f7xx_hal_pwr.c...
compiling stm32f7xx_hal_dma_ex.c...
compiling stm32f7xx_hal.c...
compiling stm32f7xx_hal_exti.c...
compiling stm32f7xx_hal_i2c_ex.c...
compiling stm32f7xx_hal_dma2d.c...
compiling stm32f7xx_hal_i2c.c...
compiling stm32f7xx_ll_fmc.c...
compiling stm32f7xx_hal_sdram.c...
compiling croutine.c...
compiling event_groups.c...
compiling stm32f7xx_hal_ltdc.c...
compiling list.c...
compiling stream_buffer.c...
compiling queue.c...
compiling timers.c...
compiling tasks.c...
compiling cmsis_os.c...
compiling heap_4.c...
compiling port.c...
compiling FrontendApplication.cpp...
compiling Model.cpp...
compiling Screen1Presenter.cpp...
compiling Screen1View.cpp...
compiling ApplicationFontProvider.cpp...
compiling BitmapDatabase.cpp...
compiling Blue_Togglebars_Toggle_round_large_button_OFF.cpp...
compiling Blue_Togglebars_Toggle_round_large_button_ON.cpp...
compiling CachedFont.cpp...
compiling Font_verdana_10_4bpp_0.cpp...
compiling Font_verdana_40_4bpp_0.cpp...
compiling Font_verdana_20_4bpp_0.cpp...
compiling FontCache.cpp...
compiling FrontendApplicationBase.cpp...
compiling GeneratedFont.cpp...
compiling Kerning_verdana_10_4bpp.cpp...
compiling Kerning_verdana_20_4bpp.cpp...
compiling Kerning_verdana_40_4bpp.cpp...
compiling Table_verdana_10_4bpp.cpp...
compiling Screen1ViewBase.cpp...
compiling Table_verdana_20_4bpp.cpp...
compiling Table_verdana_40_4bpp.cpp...
compiling TypedTextDatabase.cpp...
compiling Texts.cpp...
compiling stm32f7xx_hal_ltdc_ex.c...
compiling stm32f7xx_hal_dsi.c...
compiling stm32f7xx_hal_qspi.c...
compiling system_stm32f7xx.c...
compiling stm32f7xx_hal_tim_ex.c...
compiling stm32f7xx_hal_tim.c...
linking...
Program Size: Code=41824 RO-data=42668 RW-data=504 ZI-data=54272  
FromELF: creating hex file...
"STM32F746G_DISCO\STM32F746G_DISCO.axf" - 0 Error(s), 0 Warning(s).

<h2>Software Packages used:</h2>

Package Vendor: ARM
                http://www.keil.com/pack/ARM.CMSIS.5.6.0.pack
                ARM.CMSIS.5.6.0
                CMSIS (Cortex Microcontroller Software Interface Standard)
   * Component: CORE Version: 5.3.0

Package Vendor: Keil
                https://www.keil.com/pack/Keil.STM32F7xx_DFP.2.12.0.pack
                Keil.STM32F7xx_DFP.2.12.0
                STMicroelectronics STM32F7 Series Device Support, Drivers and Examples

<h2>Collection of Component include folders:</h2>
  .\RTE\_STM32F746G_DISCO
  Z:\My_program_files\ARM\PACK\ARM\CMSIS\5.6.0\CMSIS\Core\Include
  Z:\My_program_files\ARM\PACK\Keil\STM32F7xx_DFP\2.12.0\Drivers\CMSIS\Device\ST\STM32F7xx\Include

<h2>Collection of Component Files used:</h2>

   * Component: ARM::CMSIS:CORE:5.3.0
Build Time Elapsed:  00:01:44
</pre>
</body>
</html>
